[38;5;158m _   _  _____ _      _     _____ [0m
[38;5;165m| | | ||  ___| |    | |   |  _  |[0m
[38;5;172m| |_| || |__ | |    | |   | | | |[0m
[38;5;179m|  _  ||  __|| |    | |   | | | |[0m
[38;5;186m| | | || |___| |____| |___\ \_/ /[0m
[38;5;193m\_| |_/\____/\_____/\_____/\___/ [0m
[38;5;200m                                 [0m
[38;5;207m                                 [0m
