[38;5;158m _    _  ___________ _    ______ [0m
[38;5;165m| |  | ||  _  | ___ \ |   |  _  \[0m
[38;5;172m| |  | || | | | |_/ / |   | | | |[0m
[38;5;179m| |/\| || | | |    /| |   | | | |[0m
[38;5;186m\  /\  /\ \_/ / |\ \| |___| |/ / [0m
[38;5;193m \/  \/  \___/\_| \_\_____/___/  [0m
[38;5;200m                                 [0m
[38;5;207m                                 [0m
